[0m00:56:14.825053 [debug] [MainThread]: Sending event: {'category': 'dbt', 'action': 'invocation', 'label': 'start', 'context': [<snowplow_tracker.self_describing_json.SelfDescribingJson object at 0x00000273683C1A90>, <snowplow_tracker.self_describing_json.SelfDescribingJson object at 0x0000027364F4ED50>, <snowplow_tracker.self_describing_json.SelfDescribingJson object at 0x0000027369573C50>]}


============================== 00:56:14.831008 | 431c36c9-34df-4ba3-83d0-e7433a15ffc1 ==============================
[0m00:56:14.831008 [info ] [MainThread]: Running with dbt=1.11.12
[0m00:56:14.831652 [debug] [MainThread]: running dbt with arguments {'static_parser': 'True', 'no_print': 'None', 'version_check': 'True', 'warn_error_options': 'WarnErrorOptionsV2(error=[], warn=[], silence=[])', 'target_path': 'None', 'printer_width': '80', 'write_json': 'True', 'introspect': 'True', 'log_cache_events': 'False', 'empty': 'None', 'cache_selected_only': 'False', 'log_format': 'default', 'debug': 'False', 'fail_fast': 'False', 'profiles_dir': 'C:\\Users\\ssrdt\\.dbt', 'send_anonymous_usage_stats': 'True', 'quiet': 'False', 'warn_error': 'None', 'partial_parse': 'True', 'invocation_command': 'dbt init de_project', 'indirect_selection': 'eager', 'use_colors': 'True', 'use_experimental_parser': 'False', 'log_path': 'logs'}
[0m00:56:14.852313 [info ] [MainThread]: Creating dbt configuration folder at C:\Users\ssrdt\.dbt
[0m00:56:14.855055 [debug] [MainThread]: Starter project path: D:\de_test\.venv\Lib\site-packages\dbt\include\starter_project
[0m00:56:14.880110 [info ] [MainThread]: 
Your new dbt project "de_project" was created!

For more information on how to configure the profiles.yml file,
please consult the dbt documentation here:

  https://docs.getdbt.com/docs/configure-your-profile

One more thing:

Need help? Don't hesitate to reach out to us via GitHub issues or on Slack:

  https://community.getdbt.com/

Happy modeling!

[0m00:56:14.880660 [info ] [MainThread]: Setting up your profile.
[0m01:17:22.545764 [info ] [MainThread]: No sample profile found for clickhouse.
[0m01:17:22.547153 [debug] [MainThread]: Command `dbt init` succeeded at 01:17:22.546983 after 1267.85 seconds
[0m01:17:22.547627 [debug] [MainThread]: Sending event: {'category': 'dbt', 'action': 'invocation', 'label': 'end', 'context': [<snowplow_tracker.self_describing_json.SelfDescribingJson object at 0x000002736A6F4770>, <snowplow_tracker.self_describing_json.SelfDescribingJson object at 0x000002736A6F8710>, <snowplow_tracker.self_describing_json.SelfDescribingJson object at 0x000002736A6E0490>]}
[0m01:17:22.548110 [debug] [MainThread]: Flushing usage events
[0m01:17:23.312998 [debug] [MainThread]: An error was encountered while trying to flush usage events
[0m01:20:28.940234 [debug] [MainThread]: Sending event: {'category': 'dbt', 'action': 'invocation', 'label': 'start', 'context': [<snowplow_tracker.self_describing_json.SelfDescribingJson object at 0x000001EA20761A90>, <snowplow_tracker.self_describing_json.SelfDescribingJson object at 0x000001EA1D2DED50>, <snowplow_tracker.self_describing_json.SelfDescribingJson object at 0x000001EA21913C50>]}


============================== 01:20:28.945687 | 478bd1ae-8497-4fb8-a46e-dc75d72e500d ==============================
[0m01:20:28.945687 [info ] [MainThread]: Running with dbt=1.11.12
[0m01:20:28.946481 [debug] [MainThread]: running dbt with arguments {'version_check': 'True', 'no_print': 'None', 'static_parser': 'True', 'warn_error_options': 'WarnErrorOptionsV2(error=[], warn=[], silence=[])', 'target_path': 'None', 'printer_width': '80', 'write_json': 'True', 'introspect': 'True', 'log_cache_events': 'False', 'empty': 'None', 'cache_selected_only': 'False', 'log_format': 'default', 'debug': 'False', 'fail_fast': 'False', 'profiles_dir': 'C:\\Users\\ssrdt\\.dbt', 'send_anonymous_usage_stats': 'True', 'quiet': 'False', 'warn_error': 'None', 'partial_parse': 'True', 'invocation_command': 'dbt debug', 'use_colors': 'True', 'indirect_selection': 'eager', 'use_experimental_parser': 'False', 'log_path': 'logs'}
[0m01:20:28.970207 [info ] [MainThread]: dbt version: 1.11.12
[0m01:20:28.970693 [info ] [MainThread]: python version: 3.13.3
[0m01:20:28.971056 [info ] [MainThread]: python path: D:\de_test\.venv\Scripts\python.exe
[0m01:20:28.971403 [info ] [MainThread]: os info: Windows-10-10.0.19045-SP0
[0m01:20:29.055996 [info ] [MainThread]: Using profiles dir at C:\Users\ssrdt\.dbt
[0m01:20:29.056550 [info ] [MainThread]: Using profiles.yml file at C:\Users\ssrdt\.dbt\profiles.yml
[0m01:20:29.057212 [info ] [MainThread]: Using dbt_project.yml file at D:\de_test\dbt_project.yml
[0m01:20:29.058725 [info ] [MainThread]: adapter type: clickhouse
[0m01:20:29.059221 [info ] [MainThread]: adapter version: 1.10.1
[0m01:20:29.059816 [info ] [MainThread]: Configuration:
[0m01:20:29.060249 [info ] [MainThread]:   profiles.yml file [[32mOK found and valid[0m]
[0m01:20:29.060610 [info ] [MainThread]:   dbt_project.yml file [[31mERROR not found[0m]
[0m01:20:29.060969 [info ] [MainThread]: Required dependencies:
[0m01:20:29.061635 [debug] [MainThread]: Executing "git --help"
[0m01:20:29.107646 [debug] [MainThread]: STDOUT: "b"usage: git [-v | --version] [-h | --help] [-C <path>] [-c <name>=<value>]\n           [--exec-path[=<path>]] [--html-path] [--man-path] [--info-path]\n           [-p | --paginate | -P | --no-pager] [--no-replace-objects] [--no-lazy-fetch]\n           [--no-optional-locks] [--no-advice] [--bare] [--git-dir=<path>]\n           [--work-tree=<path>] [--namespace=<name>] [--config-env=<name>=<envvar>]\n           <command> [<args>]\n\nThese are common Git commands used in various situations:\n\nstart a working area (see also: git help tutorial)\n   clone      Clone a repository into a new directory\n   init       Create an empty Git repository or reinitialize an existing one\n\nwork on the current change (see also: git help everyday)\n   add        Add file contents to the index\n   mv         Move or rename a file, a directory, or a symlink\n   restore    Restore working tree files\n   rm         Remove files from the working tree and from the index\n\nexamine the history and state (see also: git help revisions)\n   bisect     Use binary search to find the commit that introduced a bug\n   diff       Show changes between commits, commit and working tree, etc\n   grep       Print lines matching a pattern\n   log        Show commit logs\n   show       Show various types of objects\n   status     Show the working tree status\n\ngrow, mark and tweak your common history\n   backfill   Download missing objects in a partial clone\n   branch     List, create, or delete branches\n   commit     Record changes to the repository\n   merge      Join two or more development histories together\n   rebase     Reapply commits on top of another base tip\n   reset      Reset current HEAD to the specified state\n   switch     Switch branches\n   tag        Create, list, delete or verify a tag object signed with GPG\n\ncollaborate (see also: git help workflows)\n   fetch      Download objects and refs from another repository\n   pull       Fetch from and integrate with another repository or a local branch\n   push       Update remote refs along with associated objects\n\n'git help -a' and 'git help -g' list available subcommands and some\nconcept guides. See 'git help <command>' or 'git help <concept>'\nto read about a specific subcommand or concept.\nSee 'git help git' for an overview of the system.\n""
[0m01:20:29.108212 [debug] [MainThread]: STDERR: "b''"
[0m01:20:29.108634 [info ] [MainThread]:  - git [[32mOK found[0m]

[0m01:20:29.109037 [info ] [MainThread]: Connection:
[0m01:20:29.109463 [info ] [MainThread]:   driver: None
[0m01:20:29.110024 [info ] [MainThread]:   host: localhost
[0m01:20:29.110443 [info ] [MainThread]:   port: 8123
[0m01:20:29.110784 [info ] [MainThread]:   user: admin99
[0m01:20:29.111234 [info ] [MainThread]:   schema: de_test
[0m01:20:29.111632 [info ] [MainThread]:   retries: 1
[0m01:20:29.111986 [info ] [MainThread]:   cluster: None
[0m01:20:29.112417 [info ] [MainThread]:   database_engine: None
[0m01:20:29.112785 [info ] [MainThread]:   cluster_mode: False
[0m01:20:29.113130 [info ] [MainThread]:   secure: False
[0m01:20:29.113466 [info ] [MainThread]:   verify: True
[0m01:20:29.113801 [info ] [MainThread]:   client_cert: None
[0m01:20:29.114149 [info ] [MainThread]:   client_cert_key: None
[0m01:20:29.114494 [info ] [MainThread]:   connect_timeout: 10
[0m01:20:29.115146 [info ] [MainThread]:   send_receive_timeout: 300
[0m01:20:29.115638 [info ] [MainThread]:   sync_request_timeout: 5
[0m01:20:29.116136 [info ] [MainThread]:   compress_block_size: 1048576
[0m01:20:29.116533 [info ] [MainThread]:   compression: 
[0m01:20:29.117311 [info ] [MainThread]:   check_exchange: True
[0m01:20:29.117911 [info ] [MainThread]:   custom_settings: None
[0m01:20:29.118417 [info ] [MainThread]:   use_lw_deletes: False
[0m01:20:29.119011 [info ] [MainThread]:   allow_automatic_deduplication: False
[0m01:20:29.119719 [info ] [MainThread]:   tcp_keepalive: False
[0m01:20:29.120827 [info ] [MainThread]: Registered adapter: clickhouse=1.10.1
[0m01:20:29.381165 [debug] [MainThread]: Acquiring new clickhouse connection 'debug'
[0m01:20:29.381593 [debug] [MainThread]: Opening a new connection, currently in state init
[0m01:20:30.006871 [debug] [MainThread]: dbt_clickhouse adapter: On debug: select 1 as id...
[0m01:20:30.051820 [debug] [MainThread]: dbt_clickhouse adapter: SQL status: OK in 0.04 seconds
[0m01:20:33.221977 [info ] [MainThread]:   Connection test: [[32mOK connection ok[0m]

[0m01:20:33.222703 [info ] [MainThread]: [31m1 check failed:[0m
[0m01:20:33.223134 [info ] [MainThread]: Project loading failed for the following reason:
 project path <D:\de_test\dbt_project.yml> not found

[0m01:20:33.224126 [debug] [MainThread]: Command `dbt debug` failed at 01:20:33.224009 after 4.49 seconds
[0m01:20:33.224478 [debug] [MainThread]: Connection 'debug' was left open.
[0m01:20:33.224787 [debug] [MainThread]: On debug: Close
[0m01:20:33.225218 [debug] [MainThread]: Sending event: {'category': 'dbt', 'action': 'invocation', 'label': 'end', 'context': [<snowplow_tracker.self_describing_json.SelfDescribingJson object at 0x000001EA22E3F6F0>, <snowplow_tracker.self_describing_json.SelfDescribingJson object at 0x000001EA22E76210>, <snowplow_tracker.self_describing_json.SelfDescribingJson object at 0x000001EA22A756A0>]}
[0m01:20:33.225628 [debug] [MainThread]: Flushing usage events
[0m01:20:33.940682 [debug] [MainThread]: An error was encountered while trying to flush usage events
[0m01:21:59.954141 [debug] [MainThread]: Sending event: {'category': 'dbt', 'action': 'invocation', 'label': 'start', 'context': [<snowplow_tracker.self_describing_json.SelfDescribingJson object at 0x000001BEA5B41A90>, <snowplow_tracker.self_describing_json.SelfDescribingJson object at 0x000001BEA26CED50>, <snowplow_tracker.self_describing_json.SelfDescribingJson object at 0x000001BEA6CF3C50>]}


============================== 01:21:59.959011 | 538b0303-c556-46ba-b9e7-1095bd06d3a7 ==============================
[0m01:21:59.959011 [info ] [MainThread]: Running with dbt=1.11.12
[0m01:21:59.959676 [debug] [MainThread]: running dbt with arguments {'static_parser': 'True', 'no_print': 'None', 'version_check': 'True', 'target_path': 'None', 'warn_error_options': 'WarnErrorOptionsV2(error=[], warn=[], silence=[])', 'printer_width': '80', 'write_json': 'True', 'introspect': 'True', 'log_cache_events': 'False', 'empty': 'None', 'cache_selected_only': 'False', 'fail_fast': 'False', 'debug': 'False', 'log_format': 'default', 'partial_parse': 'True', 'send_anonymous_usage_stats': 'True', 'quiet': 'False', 'warn_error': 'None', 'profiles_dir': 'C:\\Users\\ssrdt\\.dbt', 'invocation_command': 'dbt init de_test_dbt', 'indirect_selection': 'eager', 'use_colors': 'True', 'use_experimental_parser': 'False', 'log_path': 'logs'}
[0m01:21:59.979328 [debug] [MainThread]: Starter project path: D:\de_test\.venv\Lib\site-packages\dbt\include\starter_project
[0m01:21:59.994818 [info ] [MainThread]: 
Your new dbt project "de_test_dbt" was created!

For more information on how to configure the profiles.yml file,
please consult the dbt documentation here:

  https://docs.getdbt.com/docs/configure-your-profile

One more thing:

Need help? Don't hesitate to reach out to us via GitHub issues or on Slack:

  https://community.getdbt.com/

Happy modeling!

[0m01:21:59.995356 [info ] [MainThread]: Setting up your profile.
[0m01:22:02.437205 [info ] [MainThread]: No sample profile found for clickhouse.
[0m01:22:02.438322 [debug] [MainThread]: Command `dbt init` succeeded at 01:22:02.438152 after 2.66 seconds
[0m01:22:02.438698 [debug] [MainThread]: Sending event: {'category': 'dbt', 'action': 'invocation', 'label': 'end', 'context': [<snowplow_tracker.self_describing_json.SelfDescribingJson object at 0x000001BEA7ED4770>, <snowplow_tracker.self_describing_json.SelfDescribingJson object at 0x000001BEA7EDC4D0>, <snowplow_tracker.self_describing_json.SelfDescribingJson object at 0x000001BEA7EC0490>]}
[0m01:22:02.439089 [debug] [MainThread]: Flushing usage events
[0m01:22:03.163996 [debug] [MainThread]: An error was encountered while trying to flush usage events
[0m01:56:50.522905 [debug] [MainThread]: Sending event: {'category': 'dbt', 'action': 'invocation', 'label': 'start', 'context': [<snowplow_tracker.self_describing_json.SelfDescribingJson object at 0x0000027017CC5A90>, <snowplow_tracker.self_describing_json.SelfDescribingJson object at 0x000002701489ED50>, <snowplow_tracker.self_describing_json.SelfDescribingJson object at 0x0000027018E9FED0>]}


============================== 01:56:50.527683 | 3f93ce1f-2b9c-4e50-b797-9387aa9fece0 ==============================
[0m01:56:50.527683 [info ] [MainThread]: Running with dbt=1.11.12
[0m01:56:50.528361 [debug] [MainThread]: running dbt with arguments {'version_check': 'True', 'no_print': 'None', 'static_parser': 'True', 'warn_error_options': 'WarnErrorOptionsV2(error=[], warn=[], silence=[])', 'target_path': 'None', 'printer_width': '80', 'write_json': 'True', 'introspect': 'True', 'log_cache_events': 'False', 'empty': 'False', 'cache_selected_only': 'False', 'log_format': 'default', 'debug': 'False', 'fail_fast': 'False', 'partial_parse': 'True', 'send_anonymous_usage_stats': 'True', 'quiet': 'False', 'warn_error': 'None', 'profiles_dir': 'C:\\Users\\ssrdt\\.dbt', 'indirect_selection': 'eager', 'invocation_command': 'dbt run', 'use_colors': 'True', 'use_experimental_parser': 'False', 'log_path': 'logs'}
[0m01:56:50.529190 [error] [MainThread]: Encountered an error:
Runtime Error
  No dbt_project.yml found at expected path D:\de_test\dbt_project.yml
  Verify that each entry within packages.yml (and their transitive dependencies) contains a file named dbt_project.yml
  
[0m01:56:50.530317 [debug] [MainThread]: Command `dbt run` failed at 01:56:50.530186 after 0.19 seconds
[0m01:56:50.530702 [debug] [MainThread]: Sending event: {'category': 'dbt', 'action': 'invocation', 'label': 'end', 'context': [<snowplow_tracker.self_describing_json.SelfDescribingJson object at 0x0000027018ED6C40>, <snowplow_tracker.self_describing_json.SelfDescribingJson object at 0x0000027018F20CB0>, <snowplow_tracker.self_describing_json.SelfDescribingJson object at 0x0000027018E7E9C0>]}
[0m01:56:50.531101 [debug] [MainThread]: Flushing usage events
[0m01:56:51.245252 [debug] [MainThread]: An error was encountered while trying to flush usage events
